[2026-04-19 20:18:26] [INFO] Worker Supervisor starting...
[2026-04-19 20:18:26] [INFO] Started render worker #0 (PID 3028)
[2026-04-19 20:18:26] [INFO] Started render worker #1 (PID 16416)
[2026-04-19 20:18:26] [INFO] Started publisher worker #0 (PID 29344)
[2026-04-19 20:18:26] [INFO] All workers launched. Supervisor active.
[2026-04-19 20:18:26] [INFO] Publisher Worker started...
[2026-04-19 20:18:26] [INFO] Worker started and polling for jobs...
[2026-04-19 20:18:26] [INFO] Worker started and polling for jobs...
[2026-04-19 20:20:00] [ERROR] Worker ERROR: 'charmap' codec can't encode character '\u2192' in position 50: character maps to <undefined>
[2026-04-19 20:20:00] [ERROR] Worker ERROR: 'charmap' codec can't encode character '\u2192' in position 50: character maps to <undefined>
[2026-04-19 20:20:01] [ERROR] render worker #0 crashed. Restarting...
[2026-04-19 20:20:02] [INFO] Started render worker #0 (PID 24440)
[2026-04-19 20:20:02] [ERROR] render worker #1 crashed. Restarting...
[2026-04-19 20:20:02] [INFO] Worker started and polling for jobs...
[2026-04-19 20:20:02] [ERROR] Worker ERROR: 'charmap' codec can't encode character '\u2192' in position 50: character maps to <undefined>
[2026-04-19 20:20:03] [INFO] Started render worker #1 (PID 12632)
[2026-04-19 20:20:03] [INFO] Worker started and polling for jobs...
[2026-04-19 20:20:03] [ERROR] Worker ERROR: 'charmap' codec can't encode character '\u2192' in position 50: character maps to <undefined>
[2026-04-19 20:20:03] [ERROR] render worker #0 crashed. Restarting...
[2026-04-19 20:20:04] [INFO] Started render worker #0 (PID 23160)
[2026-04-19 20:20:04] [ERROR] render worker #1 crashed. Restarting...
[2026-04-19 20:20:05] [INFO] Worker started and polling for jobs...
[2026-04-19 20:20:05] [ERROR] Worker ERROR: 'charmap' codec can't encode character '\u2192' in position 50: character maps to <undefined>
[2026-04-19 20:20:05] [INFO] Started render worker #1 (PID 29216)
[2026-04-19 20:20:06] [INFO] Worker started and polling for jobs...
[2026-04-19 20:20:06] [ERROR] Worker ERROR: 'charmap' codec can't encode character '\u2192' in position 50: character maps to <undefined>
[2026-04-19 20:20:06] [ERROR] render worker #0 crashed. Restarting...
[2026-04-19 20:20:07] [INFO] Started render worker #0 (PID 7352)
[2026-04-19 20:20:07] [ERROR] render worker #1 crashed. Restarting...
[2026-04-19 20:20:07] [INFO] Worker started and polling for jobs...
[2026-04-19 20:20:07] [ERROR] Worker ERROR: 'charmap' codec can't encode character '\u2192' in position 50: character maps to <undefined>
[2026-04-19 20:20:08] [INFO] Started render worker #1 (PID 8428)
[2026-04-19 20:20:08] [INFO] Worker started and polling for jobs...
[2026-04-19 20:20:08] [ERROR] Worker ERROR: 'charmap' codec can't encode character '\u2192' in position 50: character maps to <undefined>
[2026-04-19 20:20:08] [ERROR] render worker #0 crashed. Restarting...
[2026-04-19 20:20:09] [INFO] Started render worker #0 (PID 9316)
[2026-04-19 20:20:09] [ERROR] render worker #1 crashed. Restarting...
[2026-04-19 20:20:10] [INFO] Worker started and polling for jobs...
[2026-04-19 20:20:10] [ERROR] Worker ERROR: 'charmap' codec can't encode character '\u2192' in position 50: character maps to <undefined>
[2026-04-19 20:20:10] [INFO] Started render worker #1 (PID 8224)
[2026-04-19 20:20:11] [INFO] Worker started and polling for jobs...
[2026-04-19 20:20:11] [ERROR] Worker ERROR: 'charmap' codec can't encode character '\u2192' in position 50: character maps to <undefined>
[2026-04-19 20:20:11] [ERROR] render worker #0 crashed. Restarting...
[2026-04-19 20:20:12] [INFO] Started render worker #0 (PID 21280)
[2026-04-19 20:20:12] [ERROR] render worker #1 crashed. Restarting...
[2026-04-19 20:20:12] [INFO] Worker started and polling for jobs...
[2026-04-19 20:20:12] [ERROR] Worker ERROR: 'charmap' codec can't encode character '\u2192' in position 50: character maps to <undefined>
[2026-04-19 20:20:13] [INFO] Started render worker #1 (PID 26284)
[2026-04-19 20:20:13] [INFO] Worker started and polling for jobs...
[2026-04-19 20:20:13] [ERROR] Worker ERROR: 'charmap' codec can't encode character '\u2192' in position 50: character maps to <undefined>
[2026-04-19 20:20:13] [ERROR] render worker #0 crashed. Restarting...
[2026-04-19 20:20:14] [INFO] Started render worker #0 (PID 21936)
[2026-04-19 20:20:14] [ERROR] render worker #1 crashed. Restarting...
[2026-04-19 20:20:15] [INFO] Worker started and polling for jobs...
[2026-04-19 20:20:15] [ERROR] Worker ERROR: 'charmap' codec can't encode character '\u2192' in position 50: character maps to <undefined>
[2026-04-19 20:20:15] [INFO] Started render worker #1 (PID 13068)
[2026-04-19 20:20:16] [INFO] Worker started and polling for jobs...
[2026-04-19 20:20:16] [ERROR] Worker ERROR: 'charmap' codec can't encode character '\u2192' in position 50: character maps to <undefined>
[2026-04-19 20:20:16] [ERROR] render worker #0 crashed. Restarting...
[2026-04-19 20:20:17] [INFO] Started render worker #0 (PID 24076)
[2026-04-19 20:20:17] [ERROR] render worker #1 crashed. Restarting...
[2026-04-19 20:20:17] [INFO] Worker started and polling for jobs...
[2026-04-19 20:20:17] [ERROR] Worker ERROR: 'charmap' codec can't encode character '\u2192' in position 50: character maps to <undefined>
[2026-04-19 20:20:18] [INFO] Started render worker #1 (PID 24956)
[2026-04-19 20:20:18] [INFO] Worker started and polling for jobs...
[2026-04-19 20:20:18] [ERROR] Worker ERROR: 'charmap' codec can't encode character '\u2192' in position 50: character maps to <undefined>
[2026-04-19 20:20:18] [ERROR] render worker #0 crashed. Restarting...
[2026-04-19 20:20:19] [INFO] Started render worker #0 (PID 4436)
[2026-04-19 20:20:19] [ERROR] render worker #1 crashed. Restarting...
[2026-04-19 20:20:20] [INFO] Worker started and polling for jobs...
[2026-04-19 20:20:20] [ERROR] Worker ERROR: 'charmap' codec can't encode character '\u2192' in position 50: character maps to <undefined>
[2026-04-19 20:20:20] [INFO] Started render worker #1 (PID 21120)
[2026-04-19 20:20:21] [INFO] Worker started and polling for jobs...
[2026-04-19 20:20:21] [ERROR] Worker ERROR: 'charmap' codec can't encode character '\u2192' in position 50: character maps to <undefined>
[2026-04-19 20:20:21] [ERROR] render worker #0 crashed. Restarting...
[2026-04-19 20:20:22] [INFO] Started render worker #0 (PID 31200)
[2026-04-19 20:20:22] [ERROR] render worker #1 crashed. Restarting...
[2026-04-19 20:20:22] [INFO] Worker started and polling for jobs...
[2026-04-19 20:20:22] [ERROR] Worker ERROR: 'charmap' codec can't encode character '\u2192' in position 50: character maps to <undefined>
[2026-04-19 20:20:23] [INFO] Started render worker #1 (PID 31464)
[2026-04-19 20:20:23] [INFO] Worker started and polling for jobs...
[2026-04-19 20:20:23] [ERROR] Worker ERROR: 'charmap' codec can't encode character '\u2192' in position 50: character maps to <undefined>
[2026-04-19 20:20:23] [ERROR] render worker #0 crashed. Restarting...
[2026-04-19 20:20:24] [INFO] Started render worker #0 (PID 28800)
[2026-04-19 20:20:24] [ERROR] render worker #1 crashed. Restarting...
[2026-04-19 20:20:25] [INFO] Worker started and polling for jobs...
[2026-04-19 20:20:25] [ERROR] Worker ERROR: 'charmap' codec can't encode character '\u2192' in position 50: character maps to <undefined>
[2026-04-19 20:20:25] [INFO] Started render worker #1 (PID 30428)
[2026-04-19 20:20:26] [INFO] Worker started and polling for jobs...
[2026-04-19 20:20:26] [ERROR] Worker ERROR: 'charmap' codec can't encode character '\u2192' in position 50: character maps to <undefined>
[2026-04-19 20:20:26] [ERROR] render worker #0 crashed. Restarting...
[2026-04-19 20:20:27] [INFO] Started render worker #0 (PID 4384)
[2026-04-19 20:20:27] [ERROR] render worker #1 crashed. Restarting...
[2026-04-19 20:20:27] [INFO] Worker started and polling for jobs...
[2026-04-19 20:20:27] [ERROR] Worker ERROR: 'charmap' codec can't encode character '\u2192' in position 50: character maps to <undefined>
[2026-04-19 20:20:28] [INFO] Started render worker #1 (PID 30100)
[2026-04-19 20:20:28] [INFO] Worker started and polling for jobs...
[2026-04-19 20:20:28] [ERROR] Worker ERROR: 'charmap' codec can't encode character '\u2192' in position 50: character maps to <undefined>
[2026-04-19 20:20:28] [ERROR] render worker #0 crashed. Restarting...
[2026-04-19 20:20:29] [INFO] Started render worker #0 (PID 5088)
[2026-04-19 20:20:29] [ERROR] render worker #1 crashed. Restarting...
[2026-04-19 20:20:30] [INFO] Worker started and polling for jobs...
[2026-04-19 20:20:30] [ERROR] Worker ERROR: 'charmap' codec can't encode character '\u2192' in position 50: character maps to <undefined>
[2026-04-19 20:20:30] [INFO] Started render worker #1 (PID 24928)
[2026-04-19 20:20:31] [INFO] Worker started and polling for jobs...
[2026-04-19 20:20:31] [ERROR] Worker ERROR: 'charmap' codec can't encode character '\u2192' in position 50: character maps to <undefined>
[2026-04-19 20:20:31] [ERROR] render worker #0 crashed. Restarting...
[2026-04-19 20:20:32] [INFO] Started render worker #0 (PID 22788)
[2026-04-19 20:20:32] [ERROR] render worker #1 crashed. Restarting...
[2026-04-19 20:20:32] [INFO] Worker started and polling for jobs...
[2026-04-19 20:20:32] [ERROR] Worker ERROR: 'charmap' codec can't encode character '\u2192' in position 50: character maps to <undefined>
[2026-04-19 20:20:33] [INFO] Started render worker #1 (PID 4020)
[2026-04-19 20:20:33] [INFO] Worker started and polling for jobs...
[2026-04-19 20:20:33] [ERROR] Worker ERROR: 'charmap' codec can't encode character '\u2192' in position 50: character maps to <undefined>
[2026-04-19 20:20:33] [ERROR] render worker #0 crashed. Restarting...
[2026-04-19 20:20:34] [INFO] Started render worker #0 (PID 14444)
[2026-04-19 20:20:35] [ERROR] render worker #1 crashed. Restarting...
[2026-04-19 20:20:35] [INFO] Worker started and polling for jobs...
[2026-04-19 20:20:35] [ERROR] Worker ERROR: 'charmap' codec can't encode character '\u2192' in position 50: character maps to <undefined>
[2026-04-19 20:20:36] [INFO] Started render worker #1 (PID 27152)
[2026-04-19 20:20:36] [INFO] Worker started and polling for jobs...
[2026-04-19 20:20:36] [ERROR] Worker ERROR: 'charmap' codec can't encode character '\u2192' in position 50: character maps to <undefined>
[2026-04-19 20:20:36] [ERROR] render worker #0 crashed. Restarting...
[2026-04-19 20:20:37] [INFO] Started render worker #0 (PID 30528)
[2026-04-19 20:20:37] [ERROR] render worker #1 crashed. Restarting...
[2026-04-19 20:20:37] [INFO] Worker started and polling for jobs...
[2026-04-19 20:20:37] [ERROR] Worker ERROR: 'charmap' codec can't encode character '\u2192' in position 50: character maps to <undefined>
[2026-04-19 20:20:38] [INFO] Started render worker #1 (PID 21276)
[2026-04-19 20:20:38] [INFO] Worker started and polling for jobs...
[2026-04-19 20:20:38] [ERROR] Worker ERROR: 'charmap' codec can't encode character '\u2192' in position 50: character maps to <undefined>
[2026-04-19 20:20:39] [ERROR] render worker #0 crashed. Restarting...
[2026-04-19 20:20:40] [INFO] Started render worker #0 (PID 3436)
[2026-04-19 20:20:40] [ERROR] render worker #1 crashed. Restarting...
[2026-04-19 20:20:40] [INFO] Worker started and polling for jobs...
[2026-04-19 20:20:40] [ERROR] Worker ERROR: 'charmap' codec can't encode character '\u2192' in position 50: character maps to <undefined>
[2026-04-19 20:20:41] [INFO] Started render worker #1 (PID 26532)
[2026-04-19 20:20:41] [INFO] Worker started and polling for jobs...
[2026-04-19 20:20:41] [ERROR] Worker ERROR: 'charmap' codec can't encode character '\u2192' in position 50: character maps to <undefined>
[2026-04-19 20:20:41] [ERROR] render worker #0 crashed. Restarting...
[2026-04-19 20:20:42] [INFO] Started render worker #0 (PID 23696)
[2026-04-19 20:20:42] [ERROR] render worker #1 crashed. Restarting...
[2026-04-19 20:20:42] [INFO] Worker started and polling for jobs...
[2026-04-19 20:20:42] [ERROR] Worker ERROR: 'charmap' codec can't encode character '\u2192' in position 50: character maps to <undefined>
[2026-04-19 20:20:43] [INFO] Started render worker #1 (PID 30944)
[2026-04-19 20:20:43] [INFO] Worker started and polling for jobs...
[2026-04-19 20:20:43] [ERROR] Worker ERROR: 'charmap' codec can't encode character '\u2192' in position 50: character maps to <undefined>
[2026-04-19 20:20:44] [ERROR] render worker #0 crashed. Restarting...
[2026-04-19 20:20:45] [INFO] Started render worker #0 (PID 22620)
[2026-04-19 20:20:45] [ERROR] render worker #1 crashed. Restarting...
[2026-04-19 20:20:45] [INFO] Worker started and polling for jobs...
[2026-04-19 20:20:45] [ERROR] Worker ERROR: 'charmap' codec can't encode character '\u2192' in position 50: character maps to <undefined>
[2026-04-19 20:20:46] [INFO] Started render worker #1 (PID 22452)
[2026-04-19 20:20:46] [INFO] Worker started and polling for jobs...
[2026-04-19 20:20:46] [ERROR] Worker ERROR: 'charmap' codec can't encode character '\u2192' in position 50: character maps to <undefined>
[2026-04-19 20:20:46] [ERROR] render worker #0 crashed. Restarting...
[2026-04-19 20:20:47] [INFO] Started render worker #0 (PID 29996)
[2026-04-19 20:20:47] [ERROR] render worker #1 crashed. Restarting...
[2026-04-19 20:20:47] [INFO] Worker started and polling for jobs...
[2026-04-19 20:20:47] [ERROR] Worker ERROR: 'charmap' codec can't encode character '\u2192' in position 50: character maps to <undefined>
[2026-04-19 20:20:48] [INFO] Started render worker #1 (PID 31180)
[2026-04-19 20:20:48] [INFO] Worker started and polling for jobs...
[2026-04-19 20:20:48] [ERROR] Worker ERROR: 'charmap' codec can't encode character '\u2192' in position 50: character maps to <undefined>
[2026-04-19 20:20:49] [ERROR] render worker #0 crashed. Restarting...
[2026-04-19 20:20:50] [INFO] Started render worker #0 (PID 29604)
[2026-04-19 20:20:50] [ERROR] render worker #1 crashed. Restarting...
[2026-04-19 20:20:50] [INFO] Worker started and polling for jobs...
[2026-04-19 20:20:50] [ERROR] Worker ERROR: 'charmap' codec can't encode character '\u2192' in position 50: character maps to <undefined>
[2026-04-19 20:20:51] [INFO] Started render worker #1 (PID 23556)
[2026-04-19 20:20:51] [INFO] Worker started and polling for jobs...
[2026-04-19 20:20:51] [ERROR] Worker ERROR: 'charmap' codec can't encode character '\u2192' in position 50: character maps to <undefined>
[2026-04-19 20:20:51] [ERROR] render worker #0 crashed. Restarting...
[2026-04-19 20:20:52] [INFO] Started render worker #0 (PID 12848)
[2026-04-19 20:20:52] [ERROR] render worker #1 crashed. Restarting...
[2026-04-19 20:20:52] [INFO] Worker started and polling for jobs...
[2026-04-19 20:20:52] [ERROR] Worker ERROR: 'charmap' codec can't encode character '\u2192' in position 50: character maps to <undefined>
[2026-04-19 20:20:53] [INFO] Started render worker #1 (PID 14548)
[2026-04-19 20:20:53] [INFO] Worker started and polling for jobs...
[2026-04-19 20:20:53] [ERROR] Worker ERROR: 'charmap' codec can't encode character '\u2192' in position 50: character maps to <undefined>
[2026-04-19 20:20:54] [ERROR] render worker #0 crashed. Restarting...
[2026-04-19 20:20:55] [INFO] Started render worker #0 (PID 19520)
[2026-04-19 20:20:55] [ERROR] render worker #1 crashed. Restarting...
[2026-04-19 20:20:55] [INFO] Worker started and polling for jobs...
[2026-04-19 20:20:55] [ERROR] Worker ERROR: 'charmap' codec can't encode character '\u2192' in position 50: character maps to <undefined>
[2026-04-19 20:20:56] [INFO] Started render worker #1 (PID 6120)
[2026-04-19 20:20:56] [INFO] Worker started and polling for jobs...
[2026-04-19 20:20:56] [ERROR] Worker ERROR: 'charmap' codec can't encode character '\u2192' in position 50: character maps to <undefined>
[2026-04-19 20:20:56] [ERROR] render worker #0 crashed. Restarting...
[2026-04-19 20:20:57] [INFO] Started render worker #0 (PID 21324)
[2026-04-19 20:20:57] [ERROR] render worker #1 crashed. Restarting...
[2026-04-19 20:20:57] [INFO] Worker started and polling for jobs...
[2026-04-19 20:20:58] [ERROR] Worker ERROR: 'charmap' codec can't encode character '\u2192' in position 50: character maps to <undefined>
[2026-04-19 20:20:58] [INFO] Started render worker #1 (PID 26028)
[2026-04-19 20:20:58] [INFO] Worker started and polling for jobs...
[2026-04-19 20:20:58] [ERROR] Worker ERROR: 'charmap' codec can't encode character '\u2192' in position 50: character maps to <undefined>
[2026-04-19 20:20:59] [ERROR] render worker #0 crashed. Restarting...
[2026-04-19 20:21:00] [INFO] Started render worker #0 (PID 30416)
[2026-04-19 20:21:00] [ERROR] render worker #1 crashed. Restarting...
[2026-04-19 20:21:00] [INFO] Worker started and polling for jobs...
[2026-04-19 20:21:00] [ERROR] Worker ERROR: 'charmap' codec can't encode character '\u2192' in position 50: character maps to <undefined>
[2026-04-19 20:21:01] [INFO] Started render worker #1 (PID 22556)
[2026-04-19 20:21:01] [INFO] Worker started and polling for jobs...
[2026-04-19 20:21:01] [ERROR] Worker ERROR: 'charmap' codec can't encode character '\u2192' in position 50: character maps to <undefined>
[2026-04-19 20:21:01] [ERROR] render worker #0 crashed. Restarting...
[2026-04-19 20:21:02] [INFO] Started render worker #0 (PID 10668)
[2026-04-19 20:21:02] [ERROR] render worker #1 crashed. Restarting...
[2026-04-19 20:21:03] [INFO] Worker started and polling for jobs...
[2026-04-19 20:21:03] [ERROR] Worker ERROR: 'charmap' codec can't encode character '\u2192' in position 50: character maps to <undefined>
[2026-04-19 20:21:03] [INFO] Started render worker #1 (PID 21364)
[2026-04-19 20:21:04] [INFO] Worker started and polling for jobs...
[2026-04-19 20:21:04] [ERROR] Worker ERROR: 'charmap' codec can't encode character '\u2192' in position 50: character maps to <undefined>
[2026-04-19 20:21:04] [ERROR] render worker #0 crashed. Restarting...
[2026-04-19 20:21:05] [INFO] Started render worker #0 (PID 27552)
[2026-04-19 20:21:05] [ERROR] render worker #1 crashed. Restarting...
[2026-04-19 20:21:05] [INFO] Worker started and polling for jobs...
[2026-04-19 20:21:05] [ERROR] Worker ERROR: 'charmap' codec can't encode character '\u2192' in position 50: character maps to <undefined>
[2026-04-19 20:21:06] [INFO] Started render worker #1 (PID 28144)
[2026-04-19 20:21:06] [INFO] Worker started and polling for jobs...
[2026-04-19 20:21:06] [ERROR] Worker ERROR: 'charmap' codec can't encode character '\u2192' in position 50: character maps to <undefined>
[2026-04-19 20:21:06] [ERROR] render worker #0 crashed. Restarting...
[2026-04-19 20:21:07] [INFO] Started render worker #0 (PID 24884)
[2026-04-19 20:21:07] [ERROR] render worker #1 crashed. Restarting...
[2026-04-19 20:21:08] [INFO] Worker started and polling for jobs...
[2026-04-19 20:21:08] [ERROR] Worker ERROR: 'charmap' codec can't encode character '\u2192' in position 50: character maps to <undefined>
[2026-04-19 20:21:08] [INFO] Started render worker #1 (PID 23840)
[2026-04-19 20:21:09] [INFO] Worker started and polling for jobs...
[2026-04-19 20:21:09] [ERROR] Worker ERROR: 'charmap' codec can't encode character '\u2192' in position 50: character maps to <undefined>
[2026-04-19 20:21:09] [ERROR] render worker #0 crashed. Restarting...
[2026-04-19 20:21:10] [INFO] Started render worker #0 (PID 29520)
[2026-04-19 20:21:10] [ERROR] render worker #1 crashed. Restarting...
[2026-04-19 20:21:10] [INFO] Worker started and polling for jobs...
[2026-04-19 20:21:10] [ERROR] Worker ERROR: 'charmap' codec can't encode character '\u2192' in position 50: character maps to <undefined>
[2026-04-19 20:21:11] [INFO] Started render worker #1 (PID 18608)
[2026-04-19 20:21:11] [INFO] Worker started and polling for jobs...
[2026-04-19 20:21:11] [ERROR] Worker ERROR: 'charmap' codec can't encode character '\u2192' in position 50: character maps to <undefined>
[2026-04-19 20:21:11] [ERROR] render worker #0 crashed. Restarting...
[2026-04-19 20:21:12] [INFO] Started render worker #0 (PID 460)
[2026-04-19 20:21:12] [ERROR] render worker #1 crashed. Restarting...
[2026-04-19 20:21:13] [INFO] Worker started and polling for jobs...
[2026-04-19 20:21:13] [ERROR] Worker ERROR: 'charmap' codec can't encode character '\u2192' in position 50: character maps to <undefined>
[2026-04-19 20:21:13] [INFO] Started render worker #1 (PID 24692)
[2026-04-19 20:21:14] [INFO] Worker started and polling for jobs...
[2026-04-19 20:21:14] [ERROR] Worker ERROR: 'charmap' codec can't encode character '\u2192' in position 50: character maps to <undefined>
[2026-04-19 20:21:14] [ERROR] render worker #0 crashed. Restarting...
[2026-04-19 20:21:15] [INFO] Started render worker #0 (PID 28396)
[2026-04-19 20:21:15] [ERROR] render worker #1 crashed. Restarting...
[2026-04-19 20:21:15] [INFO] Worker started and polling for jobs...
[2026-04-19 20:21:15] [ERROR] Worker ERROR: 'charmap' codec can't encode character '\u2192' in position 50: character maps to <undefined>
[2026-04-19 20:21:16] [INFO] Started render worker #1 (PID 21804)
[2026-04-19 20:21:16] [INFO] Worker started and polling for jobs...
[2026-04-19 20:21:16] [ERROR] Worker ERROR: 'charmap' codec can't encode character '\u2192' in position 50: character maps to <undefined>
[2026-04-19 20:21:16] [ERROR] render worker #0 crashed. Restarting...
[2026-04-19 20:21:17] [INFO] Started render worker #0 (PID 24984)
[2026-04-19 20:21:17] [ERROR] render worker #1 crashed. Restarting...
[2026-04-19 20:21:18] [INFO] Worker started and polling for jobs...
[2026-04-19 20:21:18] [ERROR] Worker ERROR: 'charmap' codec can't encode character '\u2192' in position 50: character maps to <undefined>
[2026-04-19 20:21:18] [INFO] Started render worker #1 (PID 15600)
[2026-04-19 20:21:19] [INFO] Worker started and polling for jobs...
[2026-04-19 20:21:19] [ERROR] Worker ERROR: 'charmap' codec can't encode character '\u2192' in position 50: character maps to <undefined>
[2026-04-19 20:21:19] [ERROR] render worker #0 crashed. Restarting...
[2026-04-19 20:21:20] [INFO] Started render worker #0 (PID 23144)
[2026-04-19 20:21:20] [ERROR] render worker #1 crashed. Restarting...
[2026-04-19 20:21:20] [INFO] Worker started and polling for jobs...
[2026-04-19 20:21:20] [ERROR] Worker ERROR: 'charmap' codec can't encode character '\u2192' in position 50: character maps to <undefined>
[2026-04-19 20:21:21] [INFO] Started render worker #1 (PID 21280)
[2026-04-19 20:21:21] [INFO] Worker started and polling for jobs...
[2026-04-19 20:21:21] [ERROR] Worker ERROR: 'charmap' codec can't encode character '\u2192' in position 50: character maps to <undefined>
[2026-04-19 20:21:21] [ERROR] render worker #0 crashed. Restarting...
[2026-04-19 20:21:22] [INFO] Started render worker #0 (PID 13300)
[2026-04-19 20:21:22] [ERROR] render worker #1 crashed. Restarting...
[2026-04-19 20:21:23] [INFO] Worker started and polling for jobs...
[2026-04-19 20:21:23] [ERROR] Worker ERROR: 'charmap' codec can't encode character '\u2192' in position 50: character maps to <undefined>
[2026-04-19 20:21:23] [INFO] Started render worker #1 (PID 6044)
[2026-04-19 20:21:24] [INFO] Worker started and polling for jobs...
[2026-04-19 20:21:24] [ERROR] Worker ERROR: 'charmap' codec can't encode character '\u2192' in position 50: character maps to <undefined>
[2026-04-19 20:21:24] [ERROR] render worker #0 crashed. Restarting...
[2026-04-19 20:21:25] [INFO] Started render worker #0 (PID 5992)
[2026-04-19 20:21:25] [ERROR] render worker #1 crashed. Restarting...
[2026-04-19 20:21:25] [INFO] Worker started and polling for jobs...
[2026-04-19 20:21:25] [ERROR] Worker ERROR: 'charmap' codec can't encode character '\u2192' in position 50: character maps to <undefined>
[2026-04-19 20:21:26] [INFO] Started render worker #1 (PID 8576)
[2026-04-19 20:21:26] [INFO] Worker started and polling for jobs...
[2026-04-19 20:21:26] [ERROR] Worker ERROR: 'charmap' codec can't encode character '\u2192' in position 50: character maps to <undefined>
[2026-04-19 20:21:26] [ERROR] render worker #0 crashed. Restarting...
[2026-04-19 20:21:27] [INFO] Started render worker #0 (PID 29448)
[2026-04-19 20:21:27] [ERROR] render worker #1 crashed. Restarting...
[2026-04-19 20:21:28] [INFO] Worker started and polling for jobs...
[2026-04-19 20:21:28] [ERROR] Worker ERROR: 'charmap' codec can't encode character '\u2192' in position 50: character maps to <undefined>
[2026-04-19 20:21:28] [INFO] Started render worker #1 (PID 31404)
[2026-04-19 20:21:29] [INFO] Worker started and polling for jobs...
[2026-04-19 20:21:29] [ERROR] Worker ERROR: 'charmap' codec can't encode character '\u2192' in position 50: character maps to <undefined>
[2026-04-19 20:21:29] [ERROR] render worker #0 crashed. Restarting...
[2026-04-19 20:21:30] [INFO] Started render worker #0 (PID 29792)
[2026-04-19 20:21:30] [ERROR] render worker #1 crashed. Restarting...
[2026-04-19 20:21:30] [INFO] Worker started and polling for jobs...
[2026-04-19 20:21:30] [ERROR] Worker ERROR: 'charmap' codec can't encode character '\u2192' in position 50: character maps to <undefined>
[2026-04-19 20:21:31] [INFO] Started render worker #1 (PID 23928)
[2026-04-19 20:21:31] [INFO] Worker started and polling for jobs...
[2026-04-19 20:21:31] [ERROR] Worker ERROR: 'charmap' codec can't encode character '\u2192' in position 50: character maps to <undefined>
[2026-04-19 20:21:31] [ERROR] render worker #0 crashed. Restarting...
[2026-04-19 20:21:32] [INFO] Started render worker #0 (PID 14188)
[2026-04-19 20:21:32] [ERROR] render worker #1 crashed. Restarting...
[2026-04-19 20:21:33] [INFO] Worker started and polling for jobs...
[2026-04-19 20:21:33] [ERROR] Worker ERROR: 'charmap' codec can't encode character '\u2192' in position 50: character maps to <undefined>
[2026-04-19 20:21:33] [INFO] Started render worker #1 (PID 29724)
[2026-04-19 20:21:34] [INFO] Worker started and polling for jobs...
[2026-04-19 20:21:34] [ERROR] Worker ERROR: 'charmap' codec can't encode character '\u2192' in position 50: character maps to <undefined>
[2026-04-19 20:21:34] [ERROR] render worker #0 crashed. Restarting...
[2026-04-19 20:21:35] [INFO] Started render worker #0 (PID 2016)
[2026-04-19 20:21:35] [ERROR] render worker #1 crashed. Restarting...
[2026-04-19 20:21:35] [INFO] Worker started and polling for jobs...
[2026-04-19 20:21:35] [ERROR] Worker ERROR: 'charmap' codec can't encode character '\u2192' in position 50: character maps to <undefined>
[2026-04-19 20:21:36] [INFO] Started render worker #1 (PID 16740)
[2026-04-19 20:21:36] [INFO] Worker started and polling for jobs...
[2026-04-19 20:21:36] [ERROR] Worker ERROR: 'charmap' codec can't encode character '\u2192' in position 50: character maps to <undefined>
[2026-04-19 20:21:36] [ERROR] render worker #0 crashed. Restarting...
[2026-04-19 20:21:37] [INFO] Started render worker #0 (PID 11084)
[2026-04-19 20:21:37] [ERROR] render worker #1 crashed. Restarting...
[2026-04-19 20:21:38] [INFO] Worker started and polling for jobs...
[2026-04-19 20:21:38] [ERROR] Worker ERROR: 'charmap' codec can't encode character '\u2192' in position 50: character maps to <undefined>
[2026-04-19 20:21:38] [INFO] Started render worker #1 (PID 22444)
[2026-04-19 20:21:39] [INFO] Worker started and polling for jobs...
[2026-04-19 20:21:39] [ERROR] Worker ERROR: 'charmap' codec can't encode character '\u2192' in position 50: character maps to <undefined>
[2026-04-19 20:21:39] [ERROR] render worker #0 crashed. Restarting...
[2026-04-19 20:21:40] [INFO] Started render worker #0 (PID 31712)
[2026-04-19 20:21:40] [ERROR] render worker #1 crashed. Restarting...
[2026-04-19 20:21:40] [INFO] Worker started and polling for jobs...
[2026-04-19 20:21:40] [ERROR] Worker ERROR: 'charmap' codec can't encode character '\u2192' in position 50: character maps to <undefined>
[2026-04-19 20:21:41] [INFO] Started render worker #1 (PID 6156)
[2026-04-19 20:21:41] [INFO] Worker started and polling for jobs...
[2026-04-19 20:21:41] [ERROR] Worker ERROR: 'charmap' codec can't encode character '\u2192' in position 50: character maps to <undefined>
[2026-04-19 20:21:41] [ERROR] render worker #0 crashed. Restarting...
[2026-04-19 20:21:42] [INFO] Started render worker #0 (PID 21944)
[2026-04-19 20:21:42] [ERROR] render worker #1 crashed. Restarting...
[2026-04-19 20:21:43] [INFO] Worker started and polling for jobs...
[2026-04-19 20:21:43] [ERROR] Worker ERROR: 'charmap' codec can't encode character '\u2192' in position 50: character maps to <undefined>
[2026-04-19 20:21:43] [INFO] Started render worker #1 (PID 19324)
[2026-04-19 20:21:44] [INFO] Worker started and polling for jobs...
[2026-04-19 20:21:44] [ERROR] Worker ERROR: 'charmap' codec can't encode character '\u2192' in position 50: character maps to <undefined>
[2026-04-19 20:21:44] [ERROR] render worker #0 crashed. Restarting...
[2026-04-19 20:21:45] [INFO] Started render worker #0 (PID 24192)
[2026-04-19 20:21:45] [ERROR] render worker #1 crashed. Restarting...
[2026-04-19 20:21:45] [INFO] Worker started and polling for jobs...
[2026-04-19 20:21:45] [ERROR] Worker ERROR: 'charmap' codec can't encode character '\u2192' in position 50: character maps to <undefined>
[2026-04-19 20:21:46] [INFO] Started render worker #1 (PID 20748)
[2026-04-19 20:21:46] [INFO] Worker started and polling for jobs...
[2026-04-19 20:21:46] [ERROR] Worker ERROR: 'charmap' codec can't encode character '\u2192' in position 50: character maps to <undefined>
[2026-04-19 20:21:46] [ERROR] render worker #0 crashed. Restarting...
[2026-04-19 20:21:47] [INFO] Started render worker #0 (PID 28080)
[2026-04-19 20:21:47] [ERROR] render worker #1 crashed. Restarting...
[2026-04-19 20:21:48] [INFO] Worker started and polling for jobs...
[2026-04-19 20:21:48] [ERROR] Worker ERROR: 'charmap' codec can't encode character '\u2192' in position 50: character maps to <undefined>
[2026-04-19 20:21:48] [INFO] Started render worker #1 (PID 24312)
[2026-04-19 20:21:49] [INFO] Worker started and polling for jobs...
[2026-04-19 20:21:49] [ERROR] Worker ERROR: 'charmap' codec can't encode character '\u2192' in position 50: character maps to <undefined>
[2026-04-19 20:21:49] [ERROR] render worker #0 crashed. Restarting...
[2026-04-19 20:21:50] [INFO] Started render worker #0 (PID 2836)
[2026-04-19 20:21:50] [ERROR] render worker #1 crashed. Restarting...
[2026-04-19 20:21:50] [INFO] Worker started and polling for jobs...
[2026-04-19 20:21:50] [ERROR] Worker ERROR: 'charmap' codec can't encode character '\u2192' in position 50: character maps to <undefined>
[2026-04-19 20:21:51] [INFO] Started render worker #1 (PID 1456)
[2026-04-19 20:21:51] [INFO] Worker started and polling for jobs...
[2026-04-19 20:21:51] [ERROR] Worker ERROR: 'charmap' codec can't encode character '\u2192' in position 50: character maps to <undefined>
[2026-04-19 20:21:51] [ERROR] render worker #0 crashed. Restarting...
[2026-04-19 20:21:52] [INFO] Started render worker #0 (PID 23220)
[2026-04-19 20:21:52] [ERROR] render worker #1 crashed. Restarting...
[2026-04-19 20:21:53] [INFO] Worker started and polling for jobs...
[2026-04-19 20:21:53] [ERROR] Worker ERROR: 'charmap' codec can't encode character '\u2192' in position 50: character maps to <undefined>
[2026-04-19 20:21:53] [INFO] Started render worker #1 (PID 24948)
[2026-04-19 20:21:54] [INFO] Worker started and polling for jobs...
[2026-04-19 20:21:54] [ERROR] Worker ERROR: 'charmap' codec can't encode character '\u2192' in position 50: character maps to <undefined>
[2026-04-19 20:21:54] [ERROR] render worker #0 crashed. Restarting...
[2026-04-19 20:21:55] [INFO] Started render worker #0 (PID 3688)
[2026-04-19 20:21:55] [ERROR] render worker #1 crashed. Restarting...
[2026-04-19 20:21:55] [INFO] Worker started and polling for jobs...
[2026-04-19 20:21:55] [ERROR] Worker ERROR: 'charmap' codec can't encode character '\u2192' in position 50: character maps to <undefined>
[2026-04-19 20:21:56] [INFO] Started render worker #1 (PID 28268)
[2026-04-19 20:21:56] [INFO] Worker started and polling for jobs...
[2026-04-19 20:21:56] [ERROR] Worker ERROR: 'charmap' codec can't encode character '\u2192' in position 50: character maps to <undefined>
[2026-04-19 20:21:56] [ERROR] render worker #0 crashed. Restarting...
[2026-04-19 20:21:57] [INFO] Started render worker #0 (PID 17252)
[2026-04-19 20:21:57] [ERROR] render worker #1 crashed. Restarting...
[2026-04-19 20:21:58] [INFO] Worker started and polling for jobs...
[2026-04-19 20:21:58] [ERROR] Worker ERROR: 'charmap' codec can't encode character '\u2192' in position 50: character maps to <undefined>
[2026-04-19 20:21:58] [INFO] Started render worker #1 (PID 22016)
