2026-05-14 21:19:11,095 DEBUG Using proactor: IocpProactor
2026-05-14 21:19:15,171 WARNING No storage_state found; please login in the opened browser window if required
2026-05-14 21:19:21,322 WARNING Attempt 1 to open composer failed: open_composer returned False
2026-05-14 21:19:21,353 INFO Wrote debug HTML: nodes\ai_lady_instagram\debug\open_fail_attempt1.1778811561.html
2026-05-14 21:19:21,779 INFO Wrote debug screenshot: nodes\ai_lady_instagram\debug\open_fail_attempt1.1778811561.png
2026-05-14 21:19:26,913 DEBUG Href fallback failed: Page.goto: net::ERR_NAME_NOT_RESOLVED at https://www.instagram.comhttps//www.facebook.com/ad_campaign/landing.php?placement=pflo&campaign_id=402047449186&nav_source=unknown&extra_1=auto
Call log:
  - navigating to "https://www.instagram.comhttps//www.facebook.com/ad_campaign/landing.php?placement=pflo&campaign_id=402047449186&nav_source=unknown&extra_1=auto", waiting until "networkidle"

2026-05-14 21:19:26,952 WARNING Attempt 2 to open composer failed: open_composer returned False
2026-05-14 21:19:26,966 INFO Wrote debug HTML: nodes\ai_lady_instagram\debug\open_fail_attempt2.1778811566.html
2026-05-14 21:19:27,021 INFO Wrote debug screenshot: nodes\ai_lady_instagram\debug\open_fail_attempt2.1778811566.png
2026-05-14 21:20:03,835 DEBUG Href fallback failed: Page.get_attribute: Timeout 30000ms exceeded.
Call log:
  - waiting for locator("a:has-text(\"Create\")")

2026-05-14 21:20:03,841 WARNING Attempt 3 to open composer failed: open_composer returned False
2026-05-14 21:20:03,868 INFO Wrote debug HTML: nodes\ai_lady_instagram\debug\open_fail_attempt3.1778811603.html
2026-05-14 21:20:03,961 INFO Wrote debug screenshot: nodes\ai_lady_instagram\debug\open_fail_attempt3.1778811603.png
2026-05-14 21:20:44,701 DEBUG Href fallback failed: Page.get_attribute: Timeout 30000ms exceeded.
Call log:
  - waiting for locator("a:has-text(\"Create\")")

2026-05-14 21:20:44,701 WARNING Attempt 4 to open composer failed: open_composer returned False
2026-05-14 21:20:44,742 INFO Wrote debug HTML: nodes\ai_lady_instagram\debug\open_fail_attempt4.1778811644.html
2026-05-14 21:20:44,858 INFO Wrote debug screenshot: nodes\ai_lady_instagram\debug\open_fail_attempt4.1778811644.png
2026-05-14 21:21:03,256 ERROR Poster failed for outbox\content_test.mp4: Failed to open composer after retries: open_composer returned False
Traceback (most recent call last):
  File "C:\projects\ai\content_bot\nodes\ai_lady_instagram\poster_retry.py", line 326, in main
    raise RuntimeError(f"Failed to open composer after retries: {last_err}")
RuntimeError: Failed to open composer after retries: open_composer returned False
2026-05-14 22:17:28,548 DEBUG Using proactor: IocpProactor
2026-05-14 22:17:32,608 INFO Login page detected.
2026-05-14 22:17:32,608 INFO Waiting for manual login in the opened browser window (60 seconds).
2026-05-14 22:18:16,620 INFO Manual login detected; saving storage_state.json.
2026-05-14 22:18:16,679 INFO Saved storage_state.json after manual login.
2026-05-14 22:18:22,834 WARNING Attempt 1 to open composer failed: open_composer returned False
2026-05-14 22:18:22,872 INFO Wrote debug HTML: nodes\ai_lady_instagram\debug\open_fail_attempt1.1778815102.html
2026-05-14 22:18:23,252 INFO Wrote debug screenshot: nodes\ai_lady_instagram\debug\open_fail_attempt1.1778815102.png
2026-05-14 22:18:58,050 DEBUG Href fallback failed: Page.get_attribute: Timeout 30000ms exceeded.
Call log:
  - waiting for locator("a:has-text(\"Create\")")

2026-05-14 22:18:58,055 WARNING Attempt 2 to open composer failed: open_composer returned False
2026-05-14 22:18:58,078 INFO Wrote debug HTML: nodes\ai_lady_instagram\debug\open_fail_attempt2.1778815138.html
2026-05-14 22:18:58,163 INFO Wrote debug screenshot: nodes\ai_lady_instagram\debug\open_fail_attempt2.1778815138.png
2026-05-14 22:19:27,128 DEBUG Href fallback failed: Page.goto: Timeout 20000ms exceeded.
Call log:
  - navigating to "https://www.instagram.com/#", waiting until "networkidle"

2026-05-14 22:19:27,135 WARNING Attempt 3 to open composer failed: open_composer returned False
2026-05-14 22:19:27,192 INFO Wrote debug HTML: nodes\ai_lady_instagram\debug\open_fail_attempt3.1778815167.html
2026-05-14 22:19:27,531 INFO Wrote debug screenshot: nodes\ai_lady_instagram\debug\open_fail_attempt3.1778815167.png
2026-05-14 22:20:57,925 DEBUG Href fallback failed: Page.goto: Timeout 20000ms exceeded.
Call log:
  - navigating to "https://www.instagram.com/#", waiting until "networkidle"

2026-05-14 22:20:57,929 WARNING Attempt 4 to open composer failed: open_composer returned False
2026-05-14 22:20:57,985 INFO Wrote debug HTML: nodes\ai_lady_instagram\debug\open_fail_attempt4.1778815257.html
2026-05-14 22:20:58,341 INFO Wrote debug screenshot: nodes\ai_lady_instagram\debug\open_fail_attempt4.1778815257.png
2026-05-14 22:21:15,247 ERROR Future exception was never retrieved
future: <Future finished exception=TargetClosedError('Target page, context or browser has been closed')>
playwright._impl._errors.TargetClosedError: Target page, context or browser has been closed
2026-05-14 22:31:57,602 DEBUG Using proactor: IocpProactor
2026-05-14 22:32:01,532 INFO Using existing storage_state.json for session.
2026-05-14 22:32:32,248 DEBUG Href fallback failed: Page.get_attribute: Timeout 30000ms exceeded.
Call log:
  - waiting for locator("a:has-text(\"Create\")")

2026-05-14 22:32:32,253 WARNING Attempt 1 to open composer failed: open_composer returned False
2026-05-14 22:32:32,278 INFO Wrote debug HTML: nodes\ai_lady_instagram\debug\open_fail_attempt1.1778815952.html
2026-05-14 22:32:32,410 INFO Wrote debug screenshot: nodes\ai_lady_instagram\debug\open_fail_attempt1.1778815952.png
2026-05-14 22:32:58,861 DEBUG Href fallback failed: Page.goto: Timeout 20000ms exceeded.
Call log:
  - navigating to "https://www.instagram.com/#", waiting until "networkidle"

2026-05-14 22:32:58,867 WARNING Attempt 2 to open composer failed: open_composer returned False
2026-05-14 22:32:58,923 INFO Wrote debug HTML: nodes\ai_lady_instagram\debug\open_fail_attempt2.1778815978.html
2026-05-14 22:32:59,224 INFO Wrote debug screenshot: nodes\ai_lady_instagram\debug\open_fail_attempt2.1778815978.png
2026-05-14 22:33:07,982 ERROR Future exception was never retrieved
future: <Future finished exception=TargetClosedError('Target page, context or browser has been closed')>
playwright._impl._errors.TargetClosedError: Target page, context or browser has been closed
2026-05-14 22:42:09,934 DEBUG Using proactor: IocpProactor
2026-05-14 22:42:13,916 INFO Using existing storage_state.json
2026-05-14 22:44:33,650 ERROR Future exception was never retrieved
future: <Future finished exception=TargetClosedError('Target page, context or browser has been closed')>
playwright._impl._errors.TargetClosedError: Target page, context or browser has been closed
2026-05-14 22:50:23,844 DEBUG Using proactor: IocpProactor
2026-05-14 22:50:31,496 INFO Using existing storage_state.json
2026-05-14 22:55:46,114 DEBUG Using proactor: IocpProactor
2026-05-14 22:56:27,552 ERROR Future exception was never retrieved
future: <Future finished exception=TargetClosedError('Target page, context or browser has been closed')>
playwright._impl._errors.TargetClosedError: Target page, context or browser has been closed
2026-05-14 22:56:44,470 DEBUG Using proactor: IocpProactor
2026-05-14 22:57:46,082 ERROR Future exception was never retrieved
future: <Future finished exception=TargetClosedError('Target page, context or browser has been closed')>
playwright._impl._errors.TargetClosedError: Target page, context or browser has been closed
2026-05-14 22:59:21,073 DEBUG Using proactor: IocpProactor
2026-05-14 23:00:51,930 ERROR Poster failed: Page.goto: Timeout 90000ms exceeded.
Call log:
  - navigating to "https://www.instagram.com/", waiting until "networkidle"
Traceback (most recent call last):
  File "C:\projects\ai\content_bot\nodes\ai_lady_instagram\poster_retry.py", line 471, in main
    page.goto("https://www.instagram.com/", wait_until="networkidle", timeout=LONG)
  File "C:\projects\ai\content_bot\.venv\Lib\site-packages\playwright\sync_api\_generated.py", line 9362, in goto
    self._sync(
  File "C:\projects\ai\content_bot\.venv\Lib\site-packages\playwright\_impl\_sync_base.py", line 115, in _sync
    return task.result()
           ^^^^^^^^^^^^^
  File "C:\projects\ai\content_bot\.venv\Lib\site-packages\playwright\_impl\_page.py", line 552, in goto
    return await self._main_frame.goto(**locals_to_params(locals()))
           ^^^^^^^^^^^^^^^^^^^^^^^^^^^^^^^^^^^^^^^^^^^^^^^^^^^^^^^^^
  File "C:\projects\ai\content_bot\.venv\Lib\site-packages\playwright\_impl\_frame.py", line 153, in goto
    await self._channel.send(
  File "C:\projects\ai\content_bot\.venv\Lib\site-packages\playwright\_impl\_connection.py", line 69, in send
    return await self._connection.wrap_api_call(
           ^^^^^^^^^^^^^^^^^^^^^^^^^^^^^^^^^^^^^
  File "C:\projects\ai\content_bot\.venv\Lib\site-packages\playwright\_impl\_connection.py", line 559, in wrap_api_call
    raise rewrite_error(error, f"{parsed_st['apiName']}: {error}") from None
playwright._impl._errors.TimeoutError: Page.goto: Timeout 90000ms exceeded.
Call log:
  - navigating to "https://www.instagram.com/", waiting until "networkidle"

2026-05-14 23:11:39,903 DEBUG Using proactor: IocpProactor
2026-05-14 23:14:13,843 INFO Using existing storage_state.json
2026-05-14 23:15:56,443 ERROR Poster failed: Failed to open composer after retries: open_composer returned False
Traceback (most recent call last):
  File "C:\projects\ai\content_bot\nodes\ai_lady_instagram\poster_retry.py", line 585, in main
    raise RuntimeError(f"Failed to open composer after retries: {last_err}")
RuntimeError: Failed to open composer after retries: open_composer returned False
2026-05-15 00:10:53,581 INFO Selected media from outbox: outbox\content_test.mp4
2026-05-15 00:10:53,581 DEBUG Using proactor: IocpProactor
2026-05-15 00:13:28,133 INFO Using existing storage_state.json
2026-05-15 00:15:46,222 ERROR Poster failed: Upload/post failed after retries: Failed to set files into upload input
Traceback (most recent call last):
  File "C:\projects\ai\content_bot\nodes\ai_lady_instagram\poster_retry.py", line 955, in main
    upload_and_post(page, media_path_for_upload, caption)
  File "C:\projects\ai\content_bot\nodes\ai_lady_instagram\poster_retry.py", line 652, in upload_and_post
    raise RuntimeError(f"Upload/post failed after retries: {last_exc}")
RuntimeError: Upload/post failed after retries: Failed to set files into upload input
2026-05-15 00:20:30,011 INFO Selected media from outbox: outbox\content_test.mp4
2026-05-15 00:20:30,011 DEBUG Using proactor: IocpProactor
2026-05-15 00:21:35,458 ERROR Future exception was never retrieved
future: <Future finished exception=TargetClosedError('Target page, context or browser has been closed')>
playwright._impl._errors.TargetClosedError: Target page, context or browser has been closed
2026-05-15 00:37:35,837 INFO Selected media from outbox: outbox\content_test.mp4
2026-05-15 00:37:35,837 DEBUG Using proactor: IocpProactor
2026-05-15 00:40:09,522 INFO Using existing storage_state.json
