[2026-05-05 23:23:34] === RUN START ===
[2026-05-05 23:23:34] START: Persona batch generation (C:\content_bot\kling_persona_batch.py)
[2026-05-05 23:23:45] Persona batch generation STDOUT:

==============================
PROCESSING PERSONA_A
==============================


--- Prompt: Soft cinematic close-up of a feminine model, pastel tones, dreamy lighting, gentle motion, glossy lips, aesthetic influencer vibe

Image URL detected: https://s15-kling.klingai.com/kos/s101/nlav112918/kling-website/kolors-3.0.png

[2026-05-05 23:23:45] Persona batch generation STDERR:
Traceback (most recent call last):
  File "C:\content_bot\kling_persona_batch.py", line 119, in <module>
    main()
  File "C:\content_bot\kling_persona_batch.py", line 113, in main
    download_image(image_url, prompt, persona_data["download_dir"])
  File "C:\content_bot\kling_persona_batch.py", line 59, in download_image
    print(f"\nSaved image \u2192 {filepath}\n")
  File "C:\Program Files\Python311\Lib\encodings\cp1252.py", line 19, in encode
    return codecs.charmap_encode(input,self.errors,encoding_table)[0]
           ^^^^^^^^^^^^^^^^^^^^^^^^^^^^^^^^^^^^^^^^^^^^^^^^^^^^^^^
UnicodeEncodeError: 'charmap' codec can't encode character '\u2192' in position 14: character maps to <undefined>

[2026-05-05 23:23:45] ERROR: Persona batch generation exited with code 1
[2026-05-05 23:23:45] HALT: Generation failed. Not continuing.
[2026-05-05 23:23:45] === RUN END (FAILED) ===
[2026-05-05 23:25:48] === RUN START ===
[2026-05-05 23:25:48] START: Persona batch generation (C:\content_bot\kling_persona_batch.py)
[2026-05-05 23:33:18] Persona batch generation STDOUT:

==============================
PROCESSING PERSONA_A
==============================


--- Prompt: Soft cinematic close-up of a feminine model, pastel tones, dreamy lighting, gentle motion, glossy lips, aesthetic influencer vibe

Image URL detected: https://s15-kling.klingai.com/kos/s101/nlav112918/kling-website/kolors-3.0.png

Saved image: C:\content_bot\downloads\persona_a\20260505_232600_7558794a79672dd1.png


--- Prompt: Warm golden-hour portrait, soft bokeh, hair movement, subtle flirt energy, clean background, luxury aesthetic

Image URL detected: https://s15-kling.klingai.com/kos/s101/nlav112918/kling-website/kolors-3.0.png

Saved image: C:\content_bot\downloads\persona_a\20260505_232605_ab538723a1ef56d7.png


==============================
PROCESSING PERSONA_B
==============================


--- Prompt: Edgy neon-lit portrait, high contrast, attitude, fast motion, viral hook energy, bold expression, scroll-stopping aesthetic

Image URL detected: https://s15-kling.klingai.com/kos/s101/nlav112918/kling-website/kolors-3.0.png

Saved image: C:\content_bot\downloads\persona_b\20260505_232611_920025126422424d.png


--- Prompt: Dark cyber-glam close-up, sharp lighting, provocative pose, trendy vibe, high-impact visual

Image URL detected: https://s15-kling.klingai.com/kos/s101/nlav112918/kling-website/kolors-3.0.png

Saved image: C:\content_bot\downloads\persona_b\20260505_232617_2ba88ac9b779996f.png


All personas processed.


[2026-05-05 23:33:18] SUCCESS: Persona batch generation
[2026-05-05 23:33:18] START: Persona stitching (C:\content_bot\stitch_personas.py)
[2026-05-05 23:33:23] Persona stitching STDERR:
Traceback (most recent call last):
  File "C:\content_bot\stitch_personas.py", line 5, in <module>
    from moviepy.editor import ImageClip, concatenate_videoclips
ModuleNotFoundError: No module named 'moviepy.editor'

[2026-05-05 23:33:23] ERROR: Persona stitching exited with code 1
[2026-05-05 23:33:23] HALT: Stitching failed. Not continuing.
[2026-05-05 23:33:23] === RUN END (FAILED) ===
