[Thu 05/14/2026  7:54:33.89] Orchestrator starting 
Traceback (most recent call last):
  File "C:\Program Files\Python311\Lib\zoneinfo\_common.py", line 12, in load_tzdata
    return resources.files(package_name).joinpath(resource_name).open("rb")
           ^^^^^^^^^^^^^^^^^^^^^^^^^^^^^
  File "C:\Program Files\Python311\Lib\importlib\resources\_common.py", line 22, in files
    return from_package(get_package(package))
                        ^^^^^^^^^^^^^^^^^^^^
  File "C:\Program Files\Python311\Lib\importlib\resources\_common.py", line 53, in get_package
    resolved = resolve(package)
               ^^^^^^^^^^^^^^^^
  File "C:\Program Files\Python311\Lib\importlib\resources\_common.py", line 44, in resolve
    return cand if isinstance(cand, types.ModuleType) else importlib.import_module(cand)
                                                           ^^^^^^^^^^^^^^^^^^^^^^^^^^^^^
  File "C:\Program Files\Python311\Lib\importlib\__init__.py", line 126, in import_module
    return _bootstrap._gcd_import(name[level:], package, level)
           ^^^^^^^^^^^^^^^^^^^^^^^^^^^^^^^^^^^^^^^^^^^^^^^^^^^^
  File "<frozen importlib._bootstrap>", line 1204, in _gcd_import
  File "<frozen importlib._bootstrap>", line 1176, in _find_and_load
  File "<frozen importlib._bootstrap>", line 1126, in _find_and_load_unlocked
  File "<frozen importlib._bootstrap>", line 241, in _call_with_frames_removed
  File "<frozen importlib._bootstrap>", line 1204, in _gcd_import
  File "<frozen importlib._bootstrap>", line 1176, in _find_and_load
  File "<frozen importlib._bootstrap>", line 1126, in _find_and_load_unlocked
  File "<frozen importlib._bootstrap>", line 241, in _call_with_frames_removed
  File "<frozen importlib._bootstrap>", line 1204, in _gcd_import
  File "<frozen importlib._bootstrap>", line 1176, in _find_and_load
  File "<frozen importlib._bootstrap>", line 1140, in _find_and_load_unlocked
ModuleNotFoundError: No module named 'tzdata'

During handling of the above exception, another exception occurred:

Traceback (most recent call last):
  File "C:\projects\ai\content_bot\orchestrator.py", line 10, in <module>
    from human_schedule import should_post_today, get_post_times, TZ
  File "C:\projects\ai\content_bot\human_schedule.py", line 9, in <module>
    TZ = ZoneInfo("America/Chicago")
         ^^^^^^^^^^^^^^^^^^^^^^^^^^^
  File "C:\Program Files\Python311\Lib\zoneinfo\_common.py", line 24, in load_tzdata
    raise ZoneInfoNotFoundError(f"No time zone found with key {key}")
zoneinfo._common.ZoneInfoNotFoundError: 'No time zone found with key America/Chicago'
[Thu 05/14/2026  7:54:34.12] Orchestrator done 
[Sun 05/24/2026  7:00:01.39] Orchestrator starting 
Traceback (most recent call last):
  File "C:\Program Files\Python311\Lib\zoneinfo\_common.py", line 12, in load_tzdata
    return resources.files(package_name).joinpath(resource_name).open("rb")
           ^^^^^^^^^^^^^^^^^^^^^^^^^^^^^
  File "C:\Program Files\Python311\Lib\importlib\resources\_common.py", line 22, in files
    return from_package(get_package(package))
                        ^^^^^^^^^^^^^^^^^^^^
  File "C:\Program Files\Python311\Lib\importlib\resources\_common.py", line 53, in get_package
    resolved = resolve(package)
               ^^^^^^^^^^^^^^^^
  File "C:\Program Files\Python311\Lib\importlib\resources\_common.py", line 44, in resolve
    return cand if isinstance(cand, types.ModuleType) else importlib.import_module(cand)
                                                           ^^^^^^^^^^^^^^^^^^^^^^^^^^^^^
  File "C:\Program Files\Python311\Lib\importlib\__init__.py", line 126, in import_module
    return _bootstrap._gcd_import(name[level:], package, level)
           ^^^^^^^^^^^^^^^^^^^^^^^^^^^^^^^^^^^^^^^^^^^^^^^^^^^^
  File "<frozen importlib._bootstrap>", line 1204, in _gcd_import
  File "<frozen importlib._bootstrap>", line 1176, in _find_and_load
  File "<frozen importlib._bootstrap>", line 1126, in _find_and_load_unlocked
  File "<frozen importlib._bootstrap>", line 241, in _call_with_frames_removed
  File "<frozen importlib._bootstrap>", line 1204, in _gcd_import
  File "<frozen importlib._bootstrap>", line 1176, in _find_and_load
  File "<frozen importlib._bootstrap>", line 1126, in _find_and_load_unlocked
  File "<frozen importlib._bootstrap>", line 241, in _call_with_frames_removed
  File "<frozen importlib._bootstrap>", line 1204, in _gcd_import
  File "<frozen importlib._bootstrap>", line 1176, in _find_and_load
  File "<frozen importlib._bootstrap>", line 1140, in _find_and_load_unlocked
ModuleNotFoundError: No module named 'tzdata'

During handling of the above exception, another exception occurred:

Traceback (most recent call last):
  File "C:\projects\ai\content_bot\orchestrator.py", line 10, in <module>
    from human_schedule import should_post_today, get_post_times, TZ
  File "C:\projects\ai\content_bot\human_schedule.py", line 9, in <module>
    TZ = ZoneInfo("America/Chicago")
         ^^^^^^^^^^^^^^^^^^^^^^^^^^^
  File "C:\Program Files\Python311\Lib\zoneinfo\_common.py", line 24, in load_tzdata
    raise ZoneInfoNotFoundError(f"No time zone found with key {key}")
zoneinfo._common.ZoneInfoNotFoundError: 'No time zone found with key America/Chicago'
[Sun 05/24/2026  7:00:01.58] Orchestrator done 
