[2026-04-19 20:23:41] [INFO] Worker Supervisor starting...
[2026-04-19 20:23:41] [INFO] Started render worker #0 (PID 20820)
[2026-04-19 20:23:41] [INFO] Started render worker #1 (PID 19624)
[2026-04-19 20:23:41] [INFO] Started publisher worker #0 (PID 10796)
[2026-04-19 20:23:41] [INFO] All workers launched. Supervisor active.
[2026-04-19 20:23:41] [INFO] Publisher Worker started...
[2026-04-19 20:23:42] [INFO] Worker started and polling for jobs...
[2026-04-19 20:23:42] [INFO] Worker picked up job → {'pipeline': 'brainrot', 'count': 5}
[2026-04-19 20:23:42] [INFO] Worker picked up job → {'pipeline': 'brainrot', 'count': 5}
[2026-04-19 20:23:42] [INFO] [brainrot] Starting pipeline for 5 episode(s)
[2026-04-19 20:23:42] [INFO] [brainrot] Starting pipeline for 5 episode(s)
[2026-04-19 20:23:42] [INFO] [brainrot] Episode 1/5 → generating
[2026-04-19 20:23:42] [INFO] [brainrot] Episode 1/5 → generating
[2026-04-19 20:23:42] [ERROR] [brainrot] ERROR on episode 1/5: render_episode() takes 1 positional argument but 2 were given
[2026-04-19 20:23:42] [ERROR] [brainrot] ERROR on episode 1/5: render_episode() takes 1 positional argument but 2 were given
[2026-04-19 20:23:42] [INFO] [brainrot] Episode 2/5 → generating
[2026-04-19 20:23:42] [ERROR] [brainrot] ERROR on episode 2/5: render_episode() takes 1 positional argument but 2 were given
[2026-04-19 20:23:42] [INFO] [brainrot] Episode 3/5 → generating
[2026-04-19 20:23:42] [ERROR] [brainrot] ERROR on episode 2/5: render_episode() takes 1 positional argument but 2 were given
[2026-04-19 20:23:42] [INFO] [brainrot] Episode 3/5 → generating
[2026-04-19 20:23:42] [ERROR] [brainrot] ERROR on episode 3/5: render_episode() takes 1 positional argument but 2 were given
[2026-04-19 20:23:42] [INFO] [brainrot] Episode 4/5 → generating
[2026-04-19 20:23:42] [ERROR] [brainrot] ERROR on episode 3/5: render_episode() takes 1 positional argument but 2 were given
[2026-04-19 20:23:42] [INFO] [brainrot] Episode 4/5 → generating
[2026-04-19 20:23:42] [ERROR] [brainrot] ERROR on episode 4/5: render_episode() takes 1 positional argument but 2 were given
[2026-04-19 20:23:42] [INFO] [brainrot] Episode 5/5 → generating
r_episode() takes 1 positional argument but 2 were given
[2026-04-19 20:23:42] [INFO] [brainrot] Episode 5/5 → generating
[2026-04-19 20:23:42] [ERROR] [brainrot] ERROR on episode 5/5: render_episode() takes 1 positional argument but 2 were given
[2026-04-19 20:23:42] [ERROR] [brainrot] ERROR on episode 5/5: render_episode() takes 1 positional argument but 2 were given
[2026-04-19 20:23:42] [INFO] Worker completed job → {'pipeline': 'brainrot', 'count': 5}
[2026-04-19 20:24:20] [INFO] Worker Supervisor starting...
[2026-04-19 20:24:20] [INFO] Started render worker #0 (PID 28940)
[2026-04-19 20:24:20] [INFO] Started render worker #1 (PID 30108)
[2026-04-19 20:24:20] [INFO] Started publisher worker #0 (PID 31360)
[2026-04-19 20:24:20] [INFO] All workers launched. Supervisor active.
[2026-04-19 20:24:20] [INFO] Publisher Worker started...
[2026-04-19 20:24:20] [INFO] Worker started and polling for jobs...
[2026-04-19 20:24:20] [INFO] Worker started and polling for jobs...
[2026-04-19 20:26:04] [INFO] Worker Supervisor starting...
[2026-04-19 20:26:04] [INFO] Started render worker #0 (PID 30192)
[2026-04-19 20:26:04] [INFO] Started render worker #1 (PID 14000)
[2026-04-19 20:26:04] [INFO] Started publisher worker #0 (PID 21716)
[2026-04-19 20:26:04] [INFO] All workers launched. Supervisor active.
[2026-04-19 20:26:05] [INFO] Publisher Worker started...
[2026-04-19 20:26:05] [INFO] Worker started and polling for jobs...
[2026-04-19 20:26:05] [INFO] Worker started and polling for jobs...
[2026-04-19 20:28:18] [INFO] Worker picked up job → {'pipeline': 'brainrot', 'count': 1}
[2026-04-19 20:28:18] [INFO] Worker picked up job → {'pipeline': 'brainrot', 'count': 1}
[2026-04-19 20:28:18] [INFO] [brainrot] Starting pipeline for 1 episode(s)
[2026-04-19 20:28:18] [INFO] [brainrot] Episode 1/1 → generating
[2026-04-19 20:28:18] [INFO] [brainrot] Starting pipeline for 1 episode(s)
[2026-04-19 20:28:18] [INFO] [brainrot] Episode 1/1 → generating
[2026-04-19 20:28:18] [ERROR] [brainrot] ERROR on episode 1/1: render_episode() takes 1 positional argument but 2 were given
[2026-04-19 20:28:18] [INFO] Worker completed job → {'pipeline': 'brainrot', 'count': 1}
[2026-04-19 20:28:18] [ERROR] [brainrot] ERROR on episode 1/1: render_episode() takes 1 positional argument but 2 were given
[2026-04-19 20:28:18] [INFO] Worker completed job → {'pipeline': 'brainrot', 'count': 1}
[2026-04-19 20:29:11] [INFO] Worker Supervisor starting...
[2026-04-19 20:29:11] [INFO] Started render worker #0 (PID 22084)
[2026-04-19 20:29:11] [INFO] Started render worker #1 (PID 19624)
[2026-04-19 20:29:11] [INFO] Started publisher worker #0 (PID 22248)
[2026-04-19 20:29:11] [INFO] All workers launched. Supervisor active.
[2026-04-19 20:29:11] [INFO] Publisher Worker started...
[2026-04-19 20:29:11] [INFO] Worker started and polling for jobs...
[2026-04-19 20:29:11] [INFO] Worker started and polling for jobs...
[2026-04-19 20:29:25] [INFO] Worker picked up job → {'pipeline': 'brainrot', 'count': 1}
[2026-04-19 20:29:25] [INFO] Worker picked up job → {'pipeline': 'brainrot', 'count': 1}
[2026-04-19 20:29:25] [INFO] [brainrot] Starting pipeline for 1 episode(s)
[2026-04-19 20:29:25] [INFO] [brainrot] Starting pipeline for 1 episode(s)
[2026-04-19 20:29:25] [INFO] [brainrot] Episode 1/1 → generating
[2026-04-19 20:29:25] [INFO] [brainrot] Episode 1/1 → generating
[2026-04-19 20:29:25] [ERROR] [brainrot] ERROR on episode 1/1: render_episode() takes 1 positional argument but 2 were given
[2026-04-19 20:29:25] [ERROR] [brainrot] ERROR on episode 1/1: render_episode() takes 1 positional argument but 2 were given
[2026-04-19 20:29:25] [INFO] Worker completed job → {'pipeline': 'brainrot', 'count': 1}
[2026-04-19 20:29:25] [INFO] Worker completed job → {'pipeline': 'brainrot', 'count': 1}
[2026-04-19 20:38:56] [INFO] Worker Supervisor starting...
[2026-04-19 20:38:56] [INFO] Started render worker #0 (PID 6664)
[2026-04-19 20:38:56] [INFO] Started render worker #1 (PID 16548)
[2026-04-19 20:38:56] [INFO] Started publisher worker #0 (PID 31192)
[2026-04-19 20:38:56] [INFO] All workers launched. Supervisor active.
[2026-04-19 20:38:57] [INFO] Publisher Worker started...
[2026-04-19 20:38:57] [INFO] Worker started and polling for jobs...
[2026-04-19 20:38:57] [INFO] Worker started and polling for jobs...
[2026-04-19 20:39:09] [INFO] Worker picked up job → {'pipeline': 'brainrot', 'count': 1}
[2026-04-19 20:39:09] [INFO] Worker picked up job → {'pipeline': 'brainrot', 'count': 1}
[2026-04-19 20:39:09] [INFO] [brainrot] Starting pipeline for 1 episode(s)
[2026-04-19 20:39:09] [INFO] [brainrot] Starting pipeline for 1 episode(s)
[2026-04-19 20:39:09] [INFO] [brainrot] Episode 1/1 → generating
[2026-04-19 20:39:09] [INFO] [brainrot] Episode 1/1 → generating
[2026-04-19 20:39:09] [ERROR] [brainrot] ERROR on episode 1/1: render_episode() takes 1 positional argument but 2 were given
[2026-04-19 20:39:09] [INFO] Worker completed job → {'pipeline': 'brainrot', 'count': 1}
[2026-04-19 20:39:09] [ERROR] [brainrot] ERROR on episode 1/1: render_episode() takes 1 positional argument but 2 were given
[2026-04-19 20:39:09] [INFO] Worker completed job → {'pipeline': 'brainrot', 'count': 1}
[2026-04-19 20:40:44] [INFO] Worker Supervisor starting...
[2026-04-19 20:40:44] [INFO] Started render worker #0 (PID 29364)
[2026-04-19 20:40:44] [INFO] Started render worker #1 (PID 27172)
[2026-04-19 20:40:44] [INFO] Started publisher worker #0 (PID 17532)
[2026-04-19 20:40:44] [INFO] All workers launched. Supervisor active.
[2026-04-19 20:40:44] [INFO] Publisher Worker started...
[2026-04-19 20:40:44] [INFO] Worker started and polling for jobs...
[2026-04-19 20:44:30] [INFO] Worker Supervisor starting...
[2026-04-19 20:44:30] [INFO] Started render worker #0 (PID 19584)
[2026-04-19 20:44:30] [INFO] Started render worker #1 (PID 24960)
[2026-04-19 20:44:30] [INFO] Started publisher worker #0 (PID 29008)
[2026-04-19 20:44:30] [INFO] All workers launched. Supervisor active.
[2026-04-19 20:44:30] [INFO] Publisher Worker started...
[2026-04-19 20:44:30] [INFO] Worker started and polling for jobs...
[2026-04-19 20:44:30] [INFO] Worker started and polling for jobs...
[2026-04-19 20:46:51] [INFO] Worker Supervisor starting...
[2026-04-19 20:46:51] [INFO] Started render worker #0 (PID 23612)
[2026-04-19 20:46:51] [INFO] Started render worker #1 (PID 13552)
[2026-04-19 20:46:51] [INFO] Started publisher worker #0 (PID 23860)
[2026-04-19 20:46:51] [INFO] All workers launched. Supervisor active.
[2026-04-19 20:46:51] [INFO] Publisher Worker started...
[2026-04-19 20:46:51] [INFO] Worker started and polling for jobs...
[2026-04-19 20:46:51] [INFO] Worker started and polling for jobs...
[2026-04-19 20:49:01] [INFO] Worker Supervisor starting...
[2026-04-19 20:49:01] [INFO] Started render worker #0 (PID 29152)
[2026-04-19 20:49:01] [INFO] Started render worker #1 (PID 6420)
[2026-04-19 20:49:01] [INFO] Started publisher worker #0 (PID 27984)
[2026-04-19 20:49:01] [INFO] All workers launched. Supervisor active.
[2026-04-19 20:49:01] [INFO] Publisher Worker started...
[2026-04-19 20:49:02] [INFO] Worker started and polling for jobs...
[2026-04-19 20:49:02] [INFO] Worker started and polling for jobs...
[2026-04-19 20:51:03] [INFO] Supervisor starting workers...
[2026-04-19 20:51:03] [INFO] Started Worker 1 (PID 8216)
[2026-04-19 20:51:03] [INFO] Started Worker 2 (PID 13436)
[2026-04-19 20:51:03] [INFO] Started Worker 3 (PID 26648)
[2026-04-19 20:51:03] [INFO] Started Publisher Worker (PID 26140)
[2026-04-19 20:51:03] [INFO] All workers started. Supervisor is active.
[2026-04-19 20:51:03] [INFO] Publisher Worker started...
[2026-04-19 20:51:04] [INFO] Worker started and polling for jobs...
[2026-04-19 20:51:04] [INFO] Worker started and polling for jobs...
[2026-04-19 20:51:04] [INFO] Worker started and polling for jobs...
[2026-04-19 21:00:22] [INFO] Supervisor starting workers...
[2026-04-19 21:00:22] [INFO] Started Worker 1 (PID 31320)
[2026-04-19 21:00:22] [INFO] Started Worker 2 (PID 17260)
[2026-04-19 21:00:22] [INFO] Started Worker 3 (PID 30444)
[2026-04-19 21:00:22] [INFO] Started Publisher Worker (PID 27160)
[2026-04-19 21:00:22] [INFO] All workers started. Supervisor is active.
[2026-04-19 21:00:22] [INFO] Publisher Worker started...
[2026-04-19 21:00:22] [INFO] Worker started and polling for jobs...
[2026-04-19 21:00:22] [INFO] Worker started and polling for jobs...
[2026-04-19 21:00:22] [INFO] Worker started and polling for jobs...
[2026-04-19 21:08:05] [INFO] Supervisor starting workers...
[2026-04-19 21:08:05] [INFO] Started Worker 1 (PID 21820)
[2026-04-19 21:08:05] [INFO] Started Worker 2 (PID 6044)
[2026-04-19 21:08:05] [INFO] Started Worker 3 (PID 13696)
[2026-04-19 21:08:05] [INFO] Started Publisher Worker (PID 3200)
[2026-04-19 21:08:05] [INFO] All workers started. Supervisor is active.
[2026-04-19 21:08:05] [INFO] Publisher Worker started...
[2026-04-19 21:08:06] [INFO] Worker started and polling for jobs...
[2026-04-19 21:08:06] [INFO] Worker started and polling for jobs...
[2026-04-19 21:10:20] [INFO] Supervisor starting workers...
[2026-04-19 21:10:20] [INFO] Started Worker 1 (PID 8128)
[2026-04-19 21:10:20] [INFO] Started Worker 2 (PID 20728)
[2026-04-19 21:10:20] [INFO] Started Worker 3 (PID 17500)
[2026-04-19 21:10:20] [INFO] Started Publisher Worker (PID 24284)
[2026-04-19 21:10:20] [INFO] All workers started. Supervisor is active.
[2026-04-19 21:10:20] [INFO] Publisher Worker started...
[2026-04-19 21:10:20] [INFO] Worker started and polling for jobs...
[2026-04-19 21:10:20] [INFO] Worker started and polling for jobs...
[2026-04-19 21:10:20] [INFO] Worker started and polling for jobs...
[2026-04-19 21:20:43] [INFO] Supervisor starting workers...
[2026-04-19 21:20:43] [INFO] Started Worker 1 (PID 5276)
[2026-04-19 21:20:43] [INFO] Started Worker 2 (PID 8556)
[2026-04-19 21:20:43] [INFO] Started Worker 3 (PID 23244)
[2026-04-19 21:20:43] [INFO] Started Publisher Worker (PID 5772)
[2026-04-19 21:20:43] [INFO] All workers started. Supervisor is active.
[2026-04-19 21:22:37] [INFO] Supervisor starting workers...
[2026-04-19 21:22:37] [INFO] Started Worker 1 (PID 20620)
[2026-04-19 21:22:37] [INFO] Started Worker 2 (PID 4532)
[2026-04-19 21:22:37] [INFO] Started Worker 3 (PID 8576)
[2026-04-19 21:22:37] [INFO] Started Publisher Worker (PID 11360)
[2026-04-19 21:22:37] [INFO] All workers started. Supervisor is active.
[2026-04-19 21:22:37] [INFO] Publisher Worker started...
[2026-04-19 21:22:37] [INFO] Worker started and polling for jobs...
[2026-04-19 21:22:37] [INFO] Worker started and polling for jobs...
[2026-04-19 21:22:37] [INFO] Worker started and polling for jobs...
[2026-04-19 21:35:09] [INFO] Supervisor starting workers...
[2026-04-19 21:35:09] [INFO] Started Worker 1 (PID 22044)
[2026-04-19 21:35:09] [INFO] Started Worker 2 (PID 8448)
[2026-04-19 21:35:09] [INFO] Started Worker 3 (PID 14648)
[2026-04-19 21:35:09] [INFO] Started Publisher Worker (PID 2388)
[2026-04-19 21:35:09] [INFO] All workers started. Supervisor is active.
[2026-04-19 21:35:10] [INFO] Publisher Worker started...
[2026-04-19 21:35:10] [INFO] Worker started and polling for jobs...
[2026-04-19 21:35:10] [INFO] Worker started and polling for jobs...
[2026-04-19 21:35:10] [INFO] Worker started and polling for jobs...
[2026-04-19 21:35:18] [INFO] Supervisor starting workers...
[2026-04-19 21:35:18] [INFO] Started Worker 1 (PID 13756)
[2026-04-19 21:35:18] [INFO] Started Worker 2 (PID 24292)
[2026-04-19 21:35:18] [INFO] Started Worker 3 (PID 25008)
[2026-04-19 21:35:18] [INFO] Started Publisher Worker (PID 3560)
[2026-04-19 21:35:18] [INFO] All workers started. Supervisor is active.
[2026-04-19 21:35:18] [INFO] Publisher Worker started...
[2026-04-19 21:35:18] [INFO] Worker started and polling for jobs...
[2026-04-19 21:35:18] [INFO] Worker started and polling for jobs...
[2026-04-19 21:35:18] [INFO] Worker started and polling for jobs...
[2026-04-20 09:53:33] [INFO] Worker started and polling for jobs...
[2026-04-20 10:01:52] [INFO] Worker started and polling for jobs...
